[INFO] Scanning for projects...
Downloading from central: https://repo.maven.apache.org/maven2/org/jacoco/jacoco-maven-plugin/0.8.12/jacoco-maven-plugin-0.8.12.pom
Progress (1): 4.1 kBProgress (1): 4.2 kB                    Downloaded from central: https://repo.maven.apache.org/maven2/org/jacoco/jacoco-maven-plugin/0.8.12/jacoco-maven-plugin-0.8.12.pom (4.2 kB at 6.2 kB/s)
Downloading from central: https://repo.maven.apache.org/maven2/org/jacoco/org.jacoco.build/0.8.12/org.jacoco.build-0.8.12.pom
Progress (1): 4.1 kBProgress (1): 8.2 kBProgress (1): 12 kB Progress (1): 16 kBProgress (1): 20 kBProgress (1): 25 kBProgress (1): 29 kBProgress (1): 33 kBProgress (1): 37 kBProgress (1): 41 kBProgress (1): 43 kB                   Downloaded from central: https://repo.maven.apache.org/maven2/org/jacoco/org.jacoco.build/0.8.12/org.jacoco.build-0.8.12.pom (43 kB at 106 kB/s)
Downloading from central: https://repo.maven.apache.org/maven2/org/ow2/asm/asm-bom/9.7/asm-bom-9.7.pom
Progress (1): 3.3 kB                    Downloaded from central: https://repo.maven.apache.org/maven2/org/ow2/asm/asm-bom/9.7/asm-bom-9.7.pom (3.3 kB at 8.3 kB/s)
Downloading from central: https://repo.maven.apache.org/maven2/org/jacoco/jacoco-maven-plugin/0.8.12/jacoco-maven-plugin-0.8.12.jar
Progress (1): 2.3/57 kBProgress (1): 5.0/57 kBProgress (1): 7.7/57 kBProgress (1): 10/57 kB Progress (1): 13/57 kBProgress (1): 15/57 kBProgress (1): 18/57 kBProgress (1): 21/57 kBProgress (1): 24/57 kBProgress (1): 26/57 kBProgress (1): 29/57 kBProgress (1): 32/57 kBProgress (1): 36/57 kBProgress (1): 40/57 kBProgress (1): 44/57 kBProgress (1): 48/57 kBProgress (1): 52/57 kBProgress (1): 56/57 kBProgress (1): 57 kB                      Downloaded from central: https://repo.maven.apache.org/maven2/org/jacoco/jacoco-maven-plugin/0.8.12/jacoco-maven-plugin-0.8.12.jar (57 kB at 93 kB/s)
[INFO]
[INFO] --------------------< com.tesis.ecommerce:core-api >--------------------
[INFO] Building core-api 1.0.0
[INFO] --------------------------------[ jar ]---------------------------------
[INFO]
[INFO] --- maven-clean-plugin:3.3.2:clean (default-clean) @ core-api ---
[INFO] Deleting /media/christopher/CHRISDDE1/TESIS APP/apps/core-api/target
[INFO]
[INFO] --- jacoco-maven-plugin:0.8.12:prepare-agent (default) @ core-api ---
Downloading from central: https://repo.maven.apache.org/maven2/org/jacoco/org.jacoco.agent/0.8.12/org.jacoco.agent-0.8.12.pom
Progress (1): 3.5 kB                    Downloaded from central: https://repo.maven.apache.org/maven2/org/jacoco/org.jacoco.agent/0.8.12/org.jacoco.agent-0.8.12.pom (3.5 kB at 7.5 kB/s)
Downloading from central: https://repo.maven.apache.org/maven2/org/jacoco/org.jacoco.core/0.8.12/org.jacoco.core-0.8.12.pom
Progress (1): 2.1 kB                    Downloaded from central: https://repo.maven.apache.org/maven2/org/jacoco/org.jacoco.core/0.8.12/org.jacoco.core-0.8.12.pom (2.1 kB at 4.5 kB/s)
Downloading from central: https://repo.maven.apache.org/maven2/org/ow2/asm/asm/9.7/asm-9.7.pom
Progress (1): 2.4 kB                    Downloaded from central: https://repo.maven.apache.org/maven2/org/ow2/asm/asm/9.7/asm-9.7.pom (2.4 kB at 13 kB/s)
Downloading from central: https://repo.maven.apache.org/maven2/org/ow2/asm/asm-commons/9.7/asm-commons-9.7.pom
Progress (1): 2.8 kB                    Downloaded from central: https://repo.maven.apache.org/maven2/org/ow2/asm/asm-commons/9.7/asm-commons-9.7.pom (2.8 kB at 15 kB/s)
Downloading from central: https://repo.maven.apache.org/maven2/org/ow2/asm/asm-tree/9.7/asm-tree-9.7.pom
Progress (1): 2.6 kB                    Downloaded from central: https://repo.maven.apache.org/maven2/org/ow2/asm/asm-tree/9.7/asm-tree-9.7.pom (2.6 kB at 11 kB/s)
Downloading from central: https://repo.maven.apache.org/maven2/org/jacoco/org.jacoco.report/0.8.12/org.jacoco.report-0.8.12.pom
Progress (1): 1.9 kB                    Downloaded from central: https://repo.maven.apache.org/maven2/org/jacoco/org.jacoco.report/0.8.12/org.jacoco.report-0.8.12.pom (1.9 kB at 5.9 kB/s)
Downloading from central: https://repo.maven.apache.org/maven2/org/jacoco/org.jacoco.agent/0.8.12/org.jacoco.agent-0.8.12-runtime.jar
Downloading from central: https://repo.maven.apache.org/maven2/org/jacoco/org.jacoco.core/0.8.12/org.jacoco.core-0.8.12.jar
Downloading from central: https://repo.maven.apache.org/maven2/org/ow2/asm/asm/9.7/asm-9.7.jar
Downloading from central: https://repo.maven.apache.org/maven2/org/ow2/asm/asm-commons/9.7/asm-commons-9.7.jar
Downloading from central: https://repo.maven.apache.org/maven2/org/ow2/asm/asm-tree/9.7/asm-tree-9.7.jar
Progress (1): 2.3/52 kBProgress (1): 5.0/52 kBProgress (1): 7.7/52 kBProgress (1): 10/52 kB Progress (1): 13/52 kBProgress (1): 16/52 kBProgress (1): 19/52 kBProgress (1): 21/52 kBProgress (1): 24/52 kBProgress (1): 27/52 kBProgress (1): 30/52 kBProgress (1): 32/52 kBProgress (2): 32/52 kB | 2.3/125 kBProgress (2): 35/52 kB | 2.3/125 kBProgress (2): 35/52 kB | 5.0/125 kBProgress (2): 37/52 kB | 5.0/125 kBProgress (2): 37/52 kB | 7.7/125 kBProgress (2): 40/52 kB | 7.7/125 kBProgress (2): 40/52 kB | 10/125 kB Progress (2): 43/52 kB | 10/125 kBProgress (2): 43/52 kB | 13/125 kBProgress (2): 46/52 kB | 13/125 kBProgress (2): 46/52 kB | 16/125 kBProgress (2): 48/52 kB | 16/125 kBProgress (2): 48/52 kB | 19/125 kBProgress (2): 51/52 kB | 19/125 kBProgress (2): 51/52 kB | 21/125 kBProgress (2): 52 kB | 21/125 kB   Progress (2): 52 kB | 24/125 kBProgress (2): 52 kB | 27/125 kBProgress (2): 52 kB | 30/125 kBProgress (2): 52 kB | 32/125 kBProgress (2): 52 kB | 35/125 kBProgress (2): 52 kB | 38/125 kBProgress (2): 52 kB | 41/125 kBProgress (2): 52 kB | 43/125 kBProgress (2): 52 kB | 46/125 kBProgress (2): 52 kB | 49/125 kBProgress (2): 52 kB | 52/125 kBProgress (2): 52 kB | 54/125 kBProgress (2): 52 kB | 58/125 kBProgress (2): 52 kB | 62/125 kBProgress (2): 52 kB | 67/125 kBProgress (2): 52 kB | 71/125 kBProgress (2): 52 kB | 75/125 kBProgress (3): 52 kB | 75/125 kB | 2.3/73 kBProgress (3): 52 kB | 79/125 kB | 2.3/73 kBProgress (3): 52 kB | 81/125 kB | 2.3/73 kBProgress (3): 52 kB | 81/125 kB | 5.0/73 kBProgress (3): 52 kB | 85/125 kB | 5.0/73 kBProgress (3): 52 kB | 85/125 kB | 7.7/73 kBProgress (3): 52 kB | 89/125 kB | 7.7/73 kBProgress (3): 52 kB | 89/125 kB | 10/73 kB Progress (3): 52 kB | 93/125 kB | 10/73 kBProgress (3): 52 kB | 93/125 kB | 13/73 kBProgress (3): 52 kB | 97/125 kB | 13/73 kBProgress (3): 52 kB | 97/125 kB | 16/73 kBProgress (3): 52 kB | 102/125 kB | 16/73 kBProgress (3): 52 kB | 102/125 kB | 19/73 kBProgress (3): 52 kB | 106/125 kB | 19/73 kBProgress (3): 52 kB | 106/125 kB | 21/73 kBProgress (3): 52 kB | 110/125 kB | 21/73 kBProgress (3): 52 kB | 110/125 kB | 24/73 kBProgress (3): 52 kB | 114/125 kB | 24/73 kBProgress (3): 52 kB | 114/125 kB | 27/73 kBProgress (3): 52 kB | 118/125 kB | 27/73 kBProgress (3): 52 kB | 118/125 kB | 30/73 kBProgress (3): 52 kB | 122/125 kB | 30/73 kBProgress (3): 52 kB | 122/125 kB | 32/73 kBProgress (3): 52 kB | 125 kB | 32/73 kB    Progress (3): 52 kB | 125 kB | 35/73 kBProgress (3): 52 kB | 125 kB | 38/73 kBProgress (3): 52 kB | 125 kB | 41/73 kBProgress (3): 52 kB | 125 kB | 43/73 kBProgress (3): 52 kB | 125 kB | 46/73 kBProgress (3): 52 kB | 125 kB | 49/73 kBProgress (3): 52 kB | 125 kB | 52/73 kBProgress (3): 52 kB | 125 kB | 54/73 kBProgress (3): 52 kB | 125 kB | 58/73 kBProgress (3): 52 kB | 125 kB | 62/73 kBProgress (3): 52 kB | 125 kB | 67/73 kBProgress (3): 52 kB | 125 kB | 71/73 kBProgress (3): 52 kB | 125 kB | 73 kB   Progress (4): 52 kB | 125 kB | 73 kB | 4.1/302 kBProgress (4): 52 kB | 125 kB | 73 kB | 8.2/302 kBProgress (4): 52 kB | 125 kB | 73 kB | 12/302 kB Progress (4): 52 kB | 125 kB | 73 kB | 16/302 kBProgress (4): 52 kB | 125 kB | 73 kB | 20/302 kBProgress (4): 52 kB | 125 kB | 73 kB | 25/302 kBProgress (4): 52 kB | 125 kB | 73 kB | 29/302 kBProgress (4): 52 kB | 125 kB | 73 kB | 33/302 kBProgress (4): 52 kB | 125 kB | 73 kB | 37/302 kBProgress (4): 52 kB | 125 kB | 73 kB | 41/302 kBProgress (4): 52 kB | 125 kB | 73 kB | 45/302 kBProgress (4): 52 kB | 125 kB | 73 kB | 49/302 kBProgress (4): 52 kB | 125 kB | 73 kB | 53/302 kBProgress (4): 52 kB | 125 kB | 73 kB | 57/302 kBProgress (4): 52 kB | 125 kB | 73 kB | 61/302 kBProgress (4): 52 kB | 125 kB | 73 kB | 66/302 kBProgress (4): 52 kB | 125 kB | 73 kB | 70/302 kBProgress (4): 52 kB | 125 kB | 73 kB | 74/302 kBProgress (4): 52 kB | 125 kB | 73 kB | 78/302 kBProgress (4): 52 kB | 125 kB | 73 kB | 82/302 kBProgress (4): 52 kB | 125 kB | 73 kB | 86/302 kBProgress (4): 52 kB | 125 kB | 73 kB | 90/302 kBProgress (4): 52 kB | 125 kB | 73 kB | 94/302 kBProgress (4): 52 kB | 125 kB | 73 kB | 98/302 kBProgress (4): 52 kB | 125 kB | 73 kB | 102/302 kBProgress (4): 52 kB | 125 kB | 73 kB | 106/302 kBProgress (4): 52 kB | 125 kB | 73 kB | 110/302 kBProgress (4): 52 kB | 125 kB | 73 kB | 114/302 kBProgress (4): 52 kB | 125 kB | 73 kB | 118/302 kBProgress (4): 52 kB | 125 kB | 73 kB | 123/302 kBProgress (4): 52 kB | 125 kB | 73 kB | 127/302 kBProgress (4): 52 kB | 125 kB | 73 kB | 131/302 kBProgress (4): 52 kB | 125 kB | 73 kB | 135/302 kBProgress (4): 52 kB | 125 kB | 73 kB | 139/302 kBProgress (4): 52 kB | 125 kB | 73 kB | 143/302 kBProgress (4): 52 kB | 125 kB | 73 kB | 147/302 kBProgress (4): 52 kB | 125 kB | 73 kB | 151/302 kBProgress (4): 52 kB | 125 kB | 73 kB | 155/302 kBProgress (4): 52 kB | 125 kB | 73 kB | 159/302 kBProgress (4): 52 kB | 125 kB | 73 kB | 164/302 kBProgress (4): 52 kB | 125 kB | 73 kB | 168/302 kBProgress (4): 52 kB | 125 kB | 73 kB | 172/302 kBProgress (4): 52 kB | 125 kB | 73 kB | 176/302 kBProgress (4): 52 kB | 125 kB | 73 kB | 180/302 kBProgress (4): 52 kB | 125 kB | 73 kB | 184/302 kBProgress (4): 52 kB | 125 kB | 73 kB | 188/302 kBProgress (4): 52 kB | 125 kB | 73 kB | 192/302 kBProgress (4): 52 kB | 125 kB | 73 kB | 196/302 kBProgress (4): 52 kB | 125 kB | 73 kB | 200/302 kBProgress (4): 52 kB | 125 kB | 73 kB | 204/302 kBProgress (4): 52 kB | 125 kB | 73 kB | 209/302 kBProgress (4): 52 kB | 125 kB | 73 kB | 213/302 kBProgress (4): 52 kB | 125 kB | 73 kB | 217/302 kBProgress (4): 52 kB | 125 kB | 73 kB | 221/302 kBProgress (4): 52 kB | 125 kB | 73 kB | 225/302 kBProgress (4): 52 kB | 125 kB | 73 kB | 229/302 kBProgress (4): 52 kB | 125 kB | 73 kB | 233/302 kBProgress (4): 52 kB | 125 kB | 73 kB | 237/302 kBProgress (4): 52 kB | 125 kB | 73 kB | 241/302 kBProgress (4): 52 kB | 125 kB | 73 kB | 245/302 kBProgress (4): 52 kB | 125 kB | 73 kB | 250/302 kBProgress (4): 52 kB | 125 kB | 73 kB | 254/302 kBProgress (4): 52 kB | 125 kB | 73 kB | 258/302 kBProgress (4): 52 kB | 125 kB | 73 kB | 262/302 kBProgress (4): 52 kB | 125 kB | 73 kB | 266/302 kBProgress (4): 52 kB | 125 kB | 73 kB | 270/302 kBProgress (4): 52 kB | 125 kB | 73 kB | 274/302 kBProgress (4): 52 kB | 125 kB | 73 kB | 278/302 kBProgress (4): 52 kB | 125 kB | 73 kB | 282/302 kBProgress (4): 52 kB | 125 kB | 73 kB | 286/302 kBProgress (4): 52 kB | 125 kB | 73 kB | 290/302 kBProgress (4): 52 kB | 125 kB | 73 kB | 295/302 kBProgress (4): 52 kB | 125 kB | 73 kB | 299/302 kBProgress (4): 52 kB | 125 kB | 73 kB | 302 kB                                                 Downloaded from central: https://repo.maven.apache.org/maven2/org/ow2/asm/asm-tree/9.7/asm-tree-9.7.jar (52 kB at 203 kB/s)
Downloading from central: https://repo.maven.apache.org/maven2/org/jacoco/org.jacoco.report/0.8.12/org.jacoco.report-0.8.12.jar
Downloaded from central: https://repo.maven.apache.org/maven2/org/ow2/asm/asm-commons/9.7/asm-commons-9.7.jar (73 kB at 258 kB/s)
Downloaded from central: https://repo.maven.apache.org/maven2/org/ow2/asm/asm/9.7/asm-9.7.jar (125 kB at 439 kB/s)
Progress (2): 302 kB | 2.3/210 kBProgress (2): 302 kB | 5.0/210 kBProgress (2): 302 kB | 7.7/210 kBProgress (2): 302 kB | 10/210 kB Progress (2): 302 kB | 13/210 kBProgress (2): 302 kB | 16/210 kBProgress (2): 302 kB | 19/210 kBProgress (2): 302 kB | 21/210 kBProgress (2): 302 kB | 24/210 kBProgress (2): 302 kB | 27/210 kBProgress (2): 302 kB | 30/210 kBProgress (2): 302 kB | 32/210 kBProgress (2): 302 kB | 35/210 kBProgress (2): 302 kB | 38/210 kBProgress (2): 302 kB | 41/210 kBProgress (2): 302 kB | 43/210 kBProgress (2): 302 kB | 46/210 kBProgress (2): 302 kB | 49/210 kBProgress (2): 302 kB | 52/210 kBProgress (2): 302 kB | 54/210 kBProgress (2): 302 kB | 58/210 kBProgress (2): 302 kB | 62/210 kBProgress (2): 302 kB | 67/210 kBProgress (2): 302 kB | 71/210 kBProgress (2): 302 kB | 75/210 kBProgress (2): 302 kB | 79/210 kBProgress (2): 302 kB | 81/210 kBProgress (2): 302 kB | 85/210 kBProgress (2): 302 kB | 89/210 kBProgress (2): 302 kB | 93/210 kBProgress (2): 302 kB | 97/210 kBProgress (2): 302 kB | 102/210 kBProgress (2): 302 kB | 106/210 kBProgress (2): 302 kB | 110/210 kBProgress (2): 302 kB | 114/210 kBProgress (2): 302 kB | 118/210 kBProgress (2): 302 kB | 122/210 kBProgress (2): 302 kB | 126/210 kBProgress (2): 302 kB | 130/210 kBProgress (2): 302 kB | 134/210 kBProgress (2): 302 kB | 138/210 kBProgress (2): 302 kB | 142/210 kBProgress (2): 302 kB | 147/210 kBProgress (2): 302 kB | 151/210 kBProgress (2): 302 kB | 155/210 kBProgress (2): 302 kB | 159/210 kBProgress (2): 302 kB | 163/210 kBProgress (2): 302 kB | 167/210 kBProgress (2): 302 kB | 171/210 kBProgress (2): 302 kB | 175/210 kBProgress (2): 302 kB | 179/210 kBProgress (2): 302 kB | 183/210 kBProgress (2): 302 kB | 186/210 kBProgress (2): 302 kB | 190/210 kBProgress (2): 302 kB | 194/210 kBProgress (2): 302 kB | 198/210 kBProgress (2): 302 kB | 202/210 kBProgress (2): 302 kB | 206/210 kBProgress (2): 302 kB | 210/210 kBProgress (2): 302 kB | 210 kB                                 Downloaded from central: https://repo.maven.apache.org/maven2/org/jacoco/org.jacoco.agent/0.8.12/org.jacoco.agent-0.8.12-runtime.jar (302 kB at 838 kB/s)
Progress (2): 210 kB | 4.1/131 kBProgress (2): 210 kB | 8.2/131 kBProgress (2): 210 kB | 12/131 kB Progress (2): 210 kB | 16/131 kBProgress (2): 210 kB | 20/131 kBProgress (2): 210 kB | 25/131 kBProgress (2): 210 kB | 28/131 kBProgress (2): 210 kB | 32/131 kBProgress (2): 210 kB | 36/131 kBProgress (2): 210 kB | 40/131 kBProgress (2): 210 kB | 44/131 kBProgress (2): 210 kB | 48/131 kBProgress (2): 210 kB | 52/131 kBProgress (2): 210 kB | 56/131 kBProgress (2): 210 kB | 61/131 kBProgress (2): 210 kB | 65/131 kBProgress (2): 210 kB | 69/131 kBProgress (2): 210 kB | 73/131 kBProgress (2): 210 kB | 77/131 kBProgress (2): 210 kB | 81/131 kBProgress (2): 210 kB | 85/131 kBProgress (2): 210 kB | 89/131 kBProgress (2): 210 kB | 93/131 kBProgress (2): 210 kB | 95/131 kBProgress (2): 210 kB | 100/131 kBProgress (2): 210 kB | 104/131 kBProgress (2): 210 kB | 108/131 kBProgress (2): 210 kB | 112/131 kBProgress (2): 210 kB | 116/131 kBProgress (2): 210 kB | 120/131 kBProgress (2): 210 kB | 124/131 kBProgress (2): 210 kB | 128/131 kBProgress (2): 210 kB | 131 kB                                 Downloaded from central: https://repo.maven.apache.org/maven2/org/jacoco/org.jacoco.core/0.8.12/org.jacoco.core-0.8.12.jar (210 kB at 432 kB/s)
Downloaded from central: https://repo.maven.apache.org/maven2/org/jacoco/org.jacoco.report/0.8.12/org.jacoco.report-0.8.12.jar (131 kB at 208 kB/s)
[INFO] argLine set to "-javaagent:/home/christopher/.m2/repository/org/jacoco/org.jacoco.agent/0.8.12/org.jacoco.agent-0.8.12-runtime.jar=destfile=/media/christopher/CHRISDDE1/TESIS APP/apps/core-api/target/jacoco.exec"
[INFO]
[INFO] --- maven-resources-plugin:3.3.1:resources (default-resources) @ core-api ---
[INFO] Copying 1 resource from src/main/resources to target/classes
[INFO] Copying 3 resources from src/main/resources to target/classes
[INFO]
[INFO] --- maven-compiler-plugin:3.11.0:compile (default-compile) @ core-api ---
[INFO] Changes detected - recompiling the module! :source
[INFO] Compiling 81 source files with javac [debug release 17] to target/classes
[WARNING] /media/christopher/CHRISDDE1/TESIS APP/apps/core-api/src/main/java/com/tesis/ecommerce/coreapi/infrastructure/adapter/in/web/dto/CartDTO.java:[18,31] @Builder will ignore the initializing expression entirely. If you want the initializing expression to serve as default, add @Builder.Default. If it is not supposed to be settable during building, make the field final.
[WARNING] /media/christopher/CHRISDDE1/TESIS APP/apps/core-api/src/main/java/com/tesis/ecommerce/coreapi/domain/model/Product.java:[22,18] @Builder will ignore the initializing expression entirely. If you want the initializing expression to serve as default, add @Builder.Default. If it is not supposed to be settable during building, make the field final.
[WARNING] /media/christopher/CHRISDDE1/TESIS APP/apps/core-api/src/main/java/com/tesis/ecommerce/coreapi/domain/model/Product.java:[41,21] @Builder will ignore the initializing expression entirely. If you want the initializing expression to serve as default, add @Builder.Default. If it is not supposed to be settable during building, make the field final.
[WARNING] /media/christopher/CHRISDDE1/TESIS APP/apps/core-api/src/main/java/com/tesis/ecommerce/coreapi/domain/model/Product.java:[44,27] @Builder will ignore the initializing expression entirely. If you want the initializing expression to serve as default, add @Builder.Default. If it is not supposed to be settable during building, make the field final.
[INFO] /media/christopher/CHRISDDE1/TESIS APP/apps/core-api/src/main/java/com/tesis/ecommerce/coreapi/infrastructure/adapter/out/security/JwtProviderAdapter.java: /media/christopher/CHRISDDE1/TESIS APP/apps/core-api/src/main/java/com/tesis/ecommerce/coreapi/infrastructure/adapter/out/security/JwtProviderAdapter.java uses or overrides a deprecated API.
[INFO] /media/christopher/CHRISDDE1/TESIS APP/apps/core-api/src/main/java/com/tesis/ecommerce/coreapi/infrastructure/adapter/out/security/JwtProviderAdapter.java: Recompile with -Xlint:deprecation for details.
[INFO]
[INFO] --- maven-resources-plugin:3.3.1:testResources (default-testResources) @ core-api ---
[INFO] Copying 1 resource from src/test/resources to target/test-classes
[INFO]
[INFO] --- maven-compiler-plugin:3.11.0:testCompile (default-testCompile) @ core-api ---
[INFO] Changes detected - recompiling the module! :dependency
[INFO] Compiling 9 source files with javac [debug release 17] to target/test-classes
[INFO]
[INFO] --- maven-surefire-plugin:3.1.2:test (default-test) @ core-api ---
[INFO] Using auto detected provider org.apache.maven.surefire.junitplatform.JUnitPlatformProvider
[INFO]
[INFO] -------------------------------------------------------
[INFO]  T E S T S
[INFO] -------------------------------------------------------
[INFO] Running com.tesis.ecommerce.coreapi.application.mapper.ListingMapperTest
[INFO] Tests run: 1, Failures: 0, Errors: 0, Skipped: 0, Time elapsed: 0.134 s -- in com.tesis.ecommerce.coreapi.application.mapper.ListingMapperTest
[INFO] Running com.tesis.ecommerce.coreapi.application.usecase.CreateListingUseCaseTest
OpenJDK 64-Bit Server VM warning: Sharing is only supported for boot loader classes because bootstrap classpath has been appended
[INFO] Tests run: 2, Failures: 0, Errors: 0, Skipped: 0, Time elapsed: 1.123 s -- in com.tesis.ecommerce.coreapi.application.usecase.CreateListingUseCaseTest
[INFO] Running com.tesis.ecommerce.coreapi.application.usecase.GetListingsUseCaseTest
[INFO] Tests run: 1, Failures: 0, Errors: 0, Skipped: 0, Time elapsed: 0.006 s -- in com.tesis.ecommerce.coreapi.application.usecase.GetListingsUseCaseTest
[INFO] Running com.tesis.ecommerce.coreapi.application.usecase.GetProductsUseCaseTest
[INFO] Tests run: 1, Failures: 0, Errors: 0, Skipped: 0, Time elapsed: 0.038 s -- in com.tesis.ecommerce.coreapi.application.usecase.GetProductsUseCaseTest
[INFO] Running com.tesis.ecommerce.coreapi.application.usecase.RegisterUseCaseTest
[INFO] Tests run: 2, Failures: 0, Errors: 0, Skipped: 0, Time elapsed: 0.063 s -- in com.tesis.ecommerce.coreapi.application.usecase.RegisterUseCaseTest
[INFO] Running com.tesis.ecommerce.coreapi.infrastructure.adapter.out.security.JwtProviderAdapterTest
[INFO] Tests run: 2, Failures: 0, Errors: 0, Skipped: 0, Time elapsed: 0.684 s -- in com.tesis.ecommerce.coreapi.infrastructure.adapter.out.security.JwtProviderAdapterTest
[INFO] Running com.tesis.ecommerce.coreapi.infrastructure.adapter.out.security.PasswordEncoderAdapterTest
[INFO] Tests run: 2, Failures: 0, Errors: 0, Skipped: 0, Time elapsed: 0.301 s -- in com.tesis.ecommerce.coreapi.infrastructure.adapter.out.security.PasswordEncoderAdapterTest
[INFO]
[INFO] Results:
[INFO]
[INFO] Tests run: 11, Failures: 0, Errors: 0, Skipped: 0
[INFO]
[INFO]
[INFO] --- jacoco-maven-plugin:0.8.12:report (report) @ core-api ---
[INFO] Loading execution data file /media/christopher/CHRISDDE1/TESIS APP/apps/core-api/target/jacoco.exec
[INFO] Analyzed bundle 'core-api' with 89 classes
[INFO]
[INFO] --- jacoco-maven-plugin:0.8.12:report (default-cli) @ core-api ---
[INFO] Loading execution data file /media/christopher/CHRISDDE1/TESIS APP/apps/core-api/target/jacoco.exec
[INFO] Analyzed bundle 'core-api' with 89 classes
[INFO] ------------------------------------------------------------------------
[INFO] BUILD SUCCESS
[INFO] ------------------------------------------------------------------------
[INFO] Total time:  12.285 s
[INFO] Finished at: 2026-06-14T18:13:18-05:00
[INFO] ------------------------------------------------------------------------
