[INFO] Scanning for projects...
[INFO]
[INFO] --------------------< com.tesis.ecommerce:core-api >--------------------
[INFO] Building core-api 1.0.0
[INFO] --------------------------------[ jar ]---------------------------------
[INFO]
[INFO] --- maven-clean-plugin:3.3.2:clean (default-clean) @ core-api ---
[INFO] Deleting /media/christopher/CHRISDDE1/TESIS APP/apps/core-api/target
[INFO]
[INFO] --- jacoco-maven-plugin:0.8.12:prepare-agent (default) @ core-api ---
[INFO] argLine set to "-javaagent:/home/christopher/.m2/repository/org/jacoco/org.jacoco.agent/0.8.12/org.jacoco.agent-0.8.12-runtime.jar=destfile=/media/christopher/CHRISDDE1/TESIS APP/apps/core-api/target/jacoco.exec"
[INFO]
[INFO] --- maven-resources-plugin:3.3.1:resources (default-resources) @ core-api ---
[INFO] Copying 1 resource from src/main/resources to target/classes
[INFO] Copying 3 resources from src/main/resources to target/classes
[INFO]
[INFO] --- maven-compiler-plugin:3.11.0:compile (default-compile) @ core-api ---
[INFO] Changes detected - recompiling the module! :source
[INFO] Compiling 81 source files with javac [debug release 17] to target/classes
[WARNING] /media/christopher/CHRISDDE1/TESIS APP/apps/core-api/src/main/java/com/tesis/ecommerce/coreapi/domain/model/Product.java:[22,18] @Builder will ignore the initializing expression entirely. If you want the initializing expression to serve as default, add @Builder.Default. If it is not supposed to be settable during building, make the field final.
[WARNING] /media/christopher/CHRISDDE1/TESIS APP/apps/core-api/src/main/java/com/tesis/ecommerce/coreapi/domain/model/Product.java:[41,21] @Builder will ignore the initializing expression entirely. If you want the initializing expression to serve as default, add @Builder.Default. If it is not supposed to be settable during building, make the field final.
[WARNING] /media/christopher/CHRISDDE1/TESIS APP/apps/core-api/src/main/java/com/tesis/ecommerce/coreapi/domain/model/Product.java:[44,27] @Builder will ignore the initializing expression entirely. If you want the initializing expression to serve as default, add @Builder.Default. If it is not supposed to be settable during building, make the field final.
[WARNING] /media/christopher/CHRISDDE1/TESIS APP/apps/core-api/src/main/java/com/tesis/ecommerce/coreapi/infrastructure/adapter/in/web/dto/CartDTO.java:[18,31] @Builder will ignore the initializing expression entirely. If you want the initializing expression to serve as default, add @Builder.Default. If it is not supposed to be settable during building, make the field final.
[INFO] /media/christopher/CHRISDDE1/TESIS APP/apps/core-api/src/main/java/com/tesis/ecommerce/coreapi/infrastructure/adapter/out/security/JwtProviderAdapter.java: /media/christopher/CHRISDDE1/TESIS APP/apps/core-api/src/main/java/com/tesis/ecommerce/coreapi/infrastructure/adapter/out/security/JwtProviderAdapter.java uses or overrides a deprecated API.
[INFO] /media/christopher/CHRISDDE1/TESIS APP/apps/core-api/src/main/java/com/tesis/ecommerce/coreapi/infrastructure/adapter/out/security/JwtProviderAdapter.java: Recompile with -Xlint:deprecation for details.
[INFO]
[INFO] --- maven-resources-plugin:3.3.1:testResources (default-testResources) @ core-api ---
[INFO] Copying 1 resource from src/test/resources to target/test-classes
[INFO]
[INFO] --- maven-compiler-plugin:3.11.0:testCompile (default-testCompile) @ core-api ---
[INFO] Changes detected - recompiling the module! :dependency
[INFO] Compiling 13 source files with javac [debug release 17] to target/test-classes
[INFO]
[INFO] --- maven-surefire-plugin:3.1.2:test (default-test) @ core-api ---
[INFO] Using auto detected provider org.apache.maven.surefire.junitplatform.JUnitPlatformProvider
[INFO]
[INFO] -------------------------------------------------------
[INFO]  T E S T S
[INFO] -------------------------------------------------------
[INFO] Running com.tesis.ecommerce.coreapi.application.mapper.CoreMapperTest
[INFO] Tests run: 4, Failures: 0, Errors: 0, Skipped: 0, Time elapsed: 0.225 s -- in com.tesis.ecommerce.coreapi.application.mapper.CoreMapperTest
[INFO] Running com.tesis.ecommerce.coreapi.application.mapper.ListingMapperTest
[INFO] Tests run: 1, Failures: 0, Errors: 0, Skipped: 0, Time elapsed: 0.010 s -- in com.tesis.ecommerce.coreapi.application.mapper.ListingMapperTest
[INFO] Running com.tesis.ecommerce.coreapi.application.usecase.CartAndCheckoutUseCaseTest
OpenJDK 64-Bit Server VM warning: Sharing is only supported for boot loader classes because bootstrap classpath has been appended
[INFO] Tests run: 8, Failures: 0, Errors: 0, Skipped: 0, Time elapsed: 1.247 s -- in com.tesis.ecommerce.coreapi.application.usecase.CartAndCheckoutUseCaseTest
[INFO] Running com.tesis.ecommerce.coreapi.application.usecase.CreateListingUseCaseTest
[INFO] Tests run: 2, Failures: 0, Errors: 0, Skipped: 0, Time elapsed: 0.033 s -- in com.tesis.ecommerce.coreapi.application.usecase.CreateListingUseCaseTest
[INFO] Running com.tesis.ecommerce.coreapi.application.usecase.GetListingsUseCaseTest
[INFO] Tests run: 1, Failures: 0, Errors: 0, Skipped: 0, Time elapsed: 0.003 s -- in com.tesis.ecommerce.coreapi.application.usecase.GetListingsUseCaseTest
[INFO] Running com.tesis.ecommerce.coreapi.application.usecase.GetProductsUseCaseTest
[INFO] Tests run: 1, Failures: 0, Errors: 0, Skipped: 0, Time elapsed: 0.004 s -- in com.tesis.ecommerce.coreapi.application.usecase.GetProductsUseCaseTest
[INFO] Running com.tesis.ecommerce.coreapi.application.usecase.RegisterUseCaseTest
[INFO] Tests run: 2, Failures: 0, Errors: 0, Skipped: 0, Time elapsed: 0.060 s -- in com.tesis.ecommerce.coreapi.application.usecase.RegisterUseCaseTest
[INFO] Running com.tesis.ecommerce.coreapi.application.usecase.UserAuthUseCaseTest
[INFO] Tests run: 3, Failures: 0, Errors: 0, Skipped: 0, Time elapsed: 0.013 s -- in com.tesis.ecommerce.coreapi.application.usecase.UserAuthUseCaseTest
[INFO] Running com.tesis.ecommerce.coreapi.domain.model.CoreDomainModelTest
[INFO] Tests run: 3, Failures: 0, Errors: 0, Skipped: 0, Time elapsed: 0.038 s -- in com.tesis.ecommerce.coreapi.domain.model.CoreDomainModelTest
[INFO] Running com.tesis.ecommerce.coreapi.infrastructure.adapter.out.security.JwtProviderAdapterTest
[INFO] Tests run: 2, Failures: 0, Errors: 0, Skipped: 0, Time elapsed: 0.747 s -- in com.tesis.ecommerce.coreapi.infrastructure.adapter.out.security.JwtProviderAdapterTest
[INFO] Running com.tesis.ecommerce.coreapi.infrastructure.adapter.out.security.PasswordEncoderAdapterTest
[INFO] Tests run: 2, Failures: 0, Errors: 0, Skipped: 0, Time elapsed: 0.307 s -- in com.tesis.ecommerce.coreapi.infrastructure.adapter.out.security.PasswordEncoderAdapterTest
[INFO]
[INFO] Results:
[INFO]
[INFO] Tests run: 29, Failures: 0, Errors: 0, Skipped: 0
[INFO]
[INFO]
[INFO] --- jacoco-maven-plugin:0.8.12:report (report) @ core-api ---
[INFO] Loading execution data file /media/christopher/CHRISDDE1/TESIS APP/apps/core-api/target/jacoco.exec
[INFO] Analyzed bundle 'core-api' with 89 classes
[INFO]
[INFO] --- jacoco-maven-plugin:0.8.12:report (default-cli) @ core-api ---
[INFO] Loading execution data file /media/christopher/CHRISDDE1/TESIS APP/apps/core-api/target/jacoco.exec
[INFO] Analyzed bundle 'core-api' with 89 classes
[INFO] ------------------------------------------------------------------------
[INFO] BUILD SUCCESS
[INFO] ------------------------------------------------------------------------
[INFO] Total time:  8.555 s
[INFO] Finished at: 2026-06-14T18:23:22-05:00
[INFO] ------------------------------------------------------------------------
